======================================================================
Specter -- deterministic fake-model KV-cache verification
(no real neural net, no floating-point noise -- any mismatch here
 is a real logic bug, not something we can wave away as 'expected')
======================================================================

Ran 144 cases (greedy + sampling, 2 phase gaps, 3 seeds, 3 gammas, 4 prompts)
RESULT: 72/144 passed

FAILURES (showing up to 5):
  mode=sampling gap=normal seed=0 gamma=1 prompt='hello'
    first diff at index 5
    ref:    [1, 2, 3, 13, 27, 21, 19, 25, 26, 25, 11, 25, 3, 9, 15, 9, 9, 8, 14, 8, 31, 15, 19, 13, 12, 31, 31]
    cached: [1, 2, 3, 13, 27, 20, 25, 27, 5, 26, 9, 4, 10, 10, 31, 15, 8, 15, 9, 14, 13, 14, 26, 19, 6, 10, 11]
  mode=sampling gap=normal seed=0 gamma=1 prompt='a somewhat longer prompt to stress round 1'
    first diff at index 7
    ref:    [1, 2, 3, 4, 5, 13, 27, 27, 6, 25, 25, 25, 25, 30, 15, 9, 9, 15, 8, 21, 7, 14, 13, 31, 13, 19, 18, 17, 31]
    cached: [1, 2, 3, 4, 5, 13, 27, 25, 25, 25, 11, 3, 9, 31, 9, 29, 31, 15, 8, 14, 13, 14, 13, 14, 26, 31, 10, 11, 3]
  mode=sampling gap=normal seed=0 gamma=1 prompt='kv cache test'
    first diff at index 9
    ref:    [1, 2, 3, 4, 5, 6, 6, 13, 25, 6, 25, 10, 31, 25, 1, 2, 21, 15, 0, 9, 15, 13, 20, 19, 14, 31, 19, 19, 18, 17]
    cached: [1, 2, 3, 4, 5, 6, 6, 13, 25, 25, 25, 25, 31, 3, 9, 15, 9, 14, 31, 15, 19, 14, 13, 4, 14, 17, 11, 16, 31, 10]
  mode=sampling gap=normal seed=0 gamma=1 prompt='x'
    first diff at index 6
    ref:    [1, 2, 3, 4, 13, 27, 27, 6, 25, 25, 26, 25, 31, 24, 3, 9, 15, 8, 21, 14, 13, 31, 15, 19, 13, 18, 31, 31]
    cached: [1, 2, 3, 4, 13, 27, 19, 25, 27, 5, 3, 9, 4, 10, 10, 31, 15, 8, 15, 13, 14, 13, 14, 26, 31, 6, 10, 11]
  mode=sampling gap=normal seed=0 gamma=3 prompt='hello'
    first diff at index 8
    ref:    [1, 2, 3, 22, 26, 29, 23, 25, 26, 18, 25, 2, 4, 3, 9, 30, 31, 29, 8, 14, 18, 14, 19, 31, 19, 14, 17]
    cached: [1, 2, 3, 22, 26, 29, 23, 25, 3, 5, 17, 4, 10, 9, 30, 30, 30, 7, 9, 29, 7, 13, 6, 30, 11, 11, 18]

Only sampling-mode cases failed (greedy all passed) -- consistent with
the same benign floating-point... wait, this fake model has none. A
sampling-only failure here would still be suspicious and worth a look.
======================================================================
